   1              	# 1 "startup_stm32f40xx.S"
   1              	/**
   0              	
   0              	
   2              	  ******************************************************************************
   3              	  * @file      startup_stm32f4xx.s
   4              	  * @author    MCD Application Team
   5              	  * @version   V1.0.0
   6              	  * @date      30-September-2011
   7              	  * @brief     STM32F4xx Devices vector table for Atollic TrueSTUDIO toolchain. 
   8              	  *            This module performs:
   9              	  *                - Set the initial SP
  10              	  *                - Set the initial PC == Reset_Handler,
  11              	  *                - Set the vector table entries with the exceptions ISR address
  12              	  *                - Configure the clock system and the external SRAM mounted on 
  13              	  *                  STM324xG-EVAL board to be used as data memory (optional, 
  14              	  *                  to be enabled by user)
  15              	  *                - Branches to main in the C library (which eventually
  16              	  *                  calls main()).
  17              	  *            After Reset the Cortex-M4 processor is in Thread mode,
  18              	  *            priority is Privileged, and the Stack is set to Main.
  19              	  ******************************************************************************
  20              	  * @attention
  21              	  *
  22              	  * THE PRESENT FIRMWARE WHICH IS FOR GUIDANCE ONLY AIMS AT PROVIDING CUSTOMERS
  23              	  * WITH CODING INFORMATION REGARDING THEIR PRODUCTS IN ORDER FOR THEM TO SAVE
  24              	  * TIME. AS A RESULT, STMICROELECTRONICS SHALL NOT BE HELD LIABLE FOR ANY
  25              	  * DIRECT, INDIRECT OR CONSEQUENTIAL DAMAGES WITH RESPECT TO ANY CLAIMS ARISING
  26              	  * FROM THE CONTENT OF SUCH FIRMWARE AND/OR THE USE MADE BY CUSTOMERS OF THE
  27              	  * CODING INFORMATION CONTAINED HEREIN IN CONNECTION WITH THEIR PRODUCTS.
  28              	  *
  29              	  * <h2><center>&copy; COPYRIGHT 2011 STMicroelectronics</center></h2>
  30              	  ******************************************************************************
  31              	  */
  32              	    
  33              	  .syntax unified
  34              	  .cpu cortex-m4
  35              	  .fpu softvfp
  36              	  .thumb
  37              	
  38              	.global  g_pfnVectors
  39              	.global  Default_Handler
  40              	
  41              	/* start address for the initialization values of the .data section. 
  42              	defined in linker script */
  43 0000 00000000 	.word  _sidata
  44              	/* start address for the .data section. defined in linker script */  
  45 0004 00000000 	.word  _sdata
  46              	/* end address for the .data section. defined in linker script */
  47 0008 00000000 	.word  _edata
  48              	/* start address for the .bss section. defined in linker script */
  49 000c 00000000 	.word  _sbss
  50              	/* end address for the .bss section. defined in linker script */
  51 0010 00000000 	.word  _ebss
  52              	/* stack used for SystemInit_ExtMemCtl; always internal RAM used */
  53              	
  54              	/**
  55              	 * @brief  This is the code that gets called when the processor first
  56              	 *          starts execution following a reset event. Only the absolutely
  57              	 *          necessary set is performed, after which the application
  58              	 *          supplied main() routine is called. 
  59              	 * @param  None
  60              	 * @retval : None
  61              	*/
  62              	
  63              	    .section  .text.Reset_Handler
  64              	  .weak  Reset_Handler
  66              	Reset_Handler:  
  67              	
  68              	/* Copy the data segment initializers from flash to SRAM */  
  69 0000 0021     	  movs  r1, #0
  70 0002 03E0     	  b  LoopCopyDataInit
  71              	
  72              	CopyDataInit:
  73 0004 0B4B     	  ldr  r3, =_sidata
  74 0006 5B58     	  ldr  r3, [r3, r1]
  75 0008 4350     	  str  r3, [r0, r1]
  76 000a 0431     	  adds  r1, r1, #4
  77              	    
  78              	LoopCopyDataInit:
  79 000c 0A48     	  ldr  r0, =_sdata
  80 000e 0B4B     	  ldr  r3, =_edata
  81 0010 4218     	  adds  r2, r0, r1
  82 0012 9A42     	  cmp  r2, r3
  83 0014 F6D3     	  bcc  CopyDataInit
  84 0016 0A4A     	  ldr  r2, =_sbss
  85 0018 02E0     	  b  LoopFillZerobss
  86              	/* Zero fill the bss segment. */  
  87              	FillZerobss:
  88 001a 0023     	  movs  r3, #0
  89 001c 42F8043B 	  str  r3, [r2], #4
  90              	    
  91              	LoopFillZerobss:
  92 0020 084B     	  ldr  r3, = _ebss
  93 0022 9A42     	  cmp  r2, r3
  94 0024 F9D3     	  bcc  FillZerobss
  95              	
  96              	/* Call the clock system intitialization function.*/
  97 0026 FFF7FEFF 	  bl  SystemInit   
  98              	/* Call static constructors */
  99 002a FFF7FEFF 	    bl __libc_init_array
 100              	/* Call the application's entry point.*/
 101 002e FFF7FEFF 	  bl  main
 102 0032 7047     	  bx  lr    
 104              	
 105              	/**
 106              	 * @brief  This is the code that gets called when the processor receives an 
 107              	 *         unexpected interrupt.  This simply enters an infinite loop, preserving
 108              	 *         the system state for examination by a debugger.
 109              	 * @param  None     
 110              	 * @retval None       
 111              	*/
 112              	    .section  .text.Default_Handler,"ax",%progbits
 113              	Default_Handler:
 114              	Infinite_Loop:
 115 0000 FEE7     	  b  Infinite_Loop
 117              	/******************************************************************************
 118              	*
 119              	* The minimal vector table for a Cortex M3. Note that the proper constructs
 120              	* must be placed on this to ensure that it ends up at physical address
 121              	* 0x0000.0000.
 122              	* 
 123              	*******************************************************************************/
 124              	   .section  .isr_vector,"a",%progbits
 127              	    
 128              	    
 129              	g_pfnVectors:
 130 0000 00000000 	  .word  _estack
 131 0004 00000000 	  .word  Reset_Handler
 132 0008 00000000 	  .word  NMI_Handler
 133 000c 00000000 	  .word  HardFault_Handler
 134 0010 00000000 	  .word  MemManage_Handler
 135 0014 00000000 	  .word  BusFault_Handler
 136 0018 00000000 	  .word  UsageFault_Handler
 137 001c 00000000 	  .word  0
 138 0020 00000000 	  .word  0
 139 0024 00000000 	  .word  0
 140 0028 00000000 	  .word  0
 141              	.ifndef FreeRTOS
 142 002c 00000000 	  .word  SVC_Handler
 143              	.else
 144              	  .word  vPortSVCHandler                     /* FreeRTOS SVC handler          */
 145              	.endif
 146 0030 00000000 	  .word  DebugMon_Handler
 147 0034 00000000 	  .word  0
 148              	.ifndef FreeRTOS
 149 0038 00000000 	  .word  PendSV_Handler
 150              	.else
 151              	  .word  xPortPendSVHandler                  /* FreeRTOS PendSV Handler       */
 152              	.endif
 153 003c 00000000 	  .word  SysTick_Handler
 154              	  
 155              	  /* External Interrupts */
 156 0040 00000000 	  .word     WWDG_IRQHandler                   /* Window WatchDog              */                   
 157 0044 00000000 	  .word     PVD_IRQHandler                    /* PVD through EXTI Line detection */                
 158 0048 00000000 	  .word     TAMP_STAMP_IRQHandler             /* Tamper and TimeStamps through the EXTI line */    
 159 004c 00000000 	  .word     RTC_WKUP_IRQHandler               /* RTC Wakeup through the EXTI line */               
 160 0050 00000000 	  .word     FLASH_IRQHandler                  /* FLASH                        */                   
 161 0054 00000000 	  .word     RCC_IRQHandler                    /* RCC                          */                   
 162 0058 00000000 	  .word     EXTI0_IRQHandler                  /* EXTI Line0                   */                   
 163 005c 00000000 	  .word     EXTI1_IRQHandler                  /* EXTI Line1                   */                   
 164 0060 00000000 	  .word     EXTI2_IRQHandler                  /* EXTI Line2                   */                   
 165 0064 00000000 	  .word     EXTI3_IRQHandler                  /* EXTI Line3                   */                   
 166 0068 00000000 	  .word     EXTI4_IRQHandler                  /* EXTI Line4                   */                   
 167 006c 00000000 	  .word     DMA1_Stream0_IRQHandler           /* DMA1 Stream 0                */                  
 168 0070 00000000 	  .word     DMA1_Stream1_IRQHandler           /* DMA1 Stream 1                */                   
 169 0074 00000000 	  .word     DMA1_Stream2_IRQHandler           /* DMA1 Stream 2                */                   
 170 0078 00000000 	  .word     DMA1_Stream3_IRQHandler           /* DMA1 Stream 3                */                   
 171 007c 00000000 	  .word     DMA1_Stream4_IRQHandler           /* DMA1 Stream 4                */                   
 172 0080 00000000 	  .word     DMA1_Stream5_IRQHandler           /* DMA1 Stream 5                */                   
 173 0084 00000000 	  .word     DMA1_Stream6_IRQHandler           /* DMA1 Stream 6                */                   
 174 0088 00000000 	  .word     ADC_IRQHandler                    /* ADC1, ADC2 and ADC3s         */                   
 175 008c 00000000 	  .word     CAN1_TX_IRQHandler                /* CAN1 TX                      */                   
 176 0090 00000000 	  .word     CAN1_RX0_IRQHandler               /* CAN1 RX0                     */                   
 177 0094 00000000 	  .word     CAN1_RX1_IRQHandler               /* CAN1 RX1                     */                   
 178 0098 00000000 	  .word     CAN1_SCE_IRQHandler               /* CAN1 SCE                     */                   
 179 009c 00000000 	  .word     EXTI9_5_IRQHandler                /* External Line[9:5]s          */                   
 180 00a0 00000000 	  .word     TIM1_BRK_TIM9_IRQHandler          /* TIM1 Break and TIM9          */         
 181 00a4 00000000 	  .word     TIM1_UP_TIM10_IRQHandler          /* TIM1 Update and TIM10        */         
 182 00a8 00000000 	  .word     TIM1_TRG_COM_TIM11_IRQHandler     /* TIM1 Trigger and Commutation and TIM11 */
 183 00ac 00000000 	  .word     TIM1_CC_IRQHandler                /* TIM1 Capture Compare         */                   
 184 00b0 00000000 	  .word     TIM2_IRQHandler                   /* TIM2                         */                   
 185 00b4 00000000 	  .word     TIM3_IRQHandler                   /* TIM3                         */                   
 186 00b8 00000000 	  .word     TIM4_IRQHandler                   /* TIM4                         */                   
 187 00bc 00000000 	  .word     I2C1_EV_IRQHandler                /* I2C1 Event                   */                   
 188 00c0 00000000 	  .word     I2C1_ER_IRQHandler                /* I2C1 Error                   */                   
 189 00c4 00000000 	  .word     I2C2_EV_IRQHandler                /* I2C2 Event                   */                   
 190 00c8 00000000 	  .word     I2C2_ER_IRQHandler                /* I2C2 Error                   */                   
 191 00cc 00000000 	  .word     SPI1_IRQHandler                   /* SPI1                         */                   
 192 00d0 00000000 	  .word     SPI2_IRQHandler                   /* SPI2                         */                   
 193 00d4 00000000 	  .word     USART1_IRQHandler                 /* USART1                       */                   
 194 00d8 00000000 	  .word     USART2_IRQHandler                 /* USART2                       */                   
 195 00dc 00000000 	  .word     USART3_IRQHandler                 /* USART3                       */                   
 196 00e0 00000000 	  .word     EXTI15_10_IRQHandler              /* External Line[15:10]s        */                   
 197 00e4 00000000 	  .word     RTC_Alarm_IRQHandler              /* RTC Alarm (A and B) through EXTI Line */          
 198 00e8 00000000 	  .word     OTG_FS_WKUP_IRQHandler            /* USB OTG FS Wakeup through EXTI line */            
 199 00ec 00000000 	  .word     TIM8_BRK_TIM12_IRQHandler         /* TIM8 Break and TIM12         */         
 200 00f0 00000000 	  .word     TIM8_UP_TIM13_IRQHandler          /* TIM8 Update and TIM13        */         
 201 00f4 00000000 	  .word     TIM8_TRG_COM_TIM14_IRQHandler     /* TIM8 Trigger and Commutation and TIM14 */
 202 00f8 00000000 	  .word     TIM8_CC_IRQHandler                /* TIM8 Capture Compare         */                   
 203 00fc 00000000 	  .word     DMA1_Stream7_IRQHandler           /* DMA1 Stream7                 */                   
 204 0100 00000000 	  .word     FSMC_IRQHandler                   /* FSMC                         */                   
 205 0104 00000000 	  .word     SDIO_IRQHandler                   /* SDIO                         */                   
 206 0108 00000000 	  .word     TIM5_IRQHandler                   /* TIM5                         */                   
 207 010c 00000000 	  .word     SPI3_IRQHandler                   /* SPI3                         */                   
 208 0110 00000000 	  .word     UART4_IRQHandler                  /* UART4                        */                   
 209 0114 00000000 	  .word     UART5_IRQHandler                  /* UART5                        */                   
 210 0118 00000000 	  .word     TIM6_DAC_IRQHandler               /* TIM6 and DAC1&2 underrun errors */                
 211 011c 00000000 	  .word     TIM7_IRQHandler                   /* TIM7                         */
 212 0120 00000000 	  .word     DMA2_Stream0_IRQHandler           /* DMA2 Stream 0                */                   
 213 0124 00000000 	  .word     DMA2_Stream1_IRQHandler           /* DMA2 Stream 1                */                   
 214 0128 00000000 	  .word     DMA2_Stream2_IRQHandler           /* DMA2 Stream 2                */                   
 215 012c 00000000 	  .word     DMA2_Stream3_IRQHandler           /* DMA2 Stream 3                */                   
 216 0130 00000000 	  .word     DMA2_Stream4_IRQHandler           /* DMA2 Stream 4                */                   
 217 0134 00000000 	  .word     ETH_IRQHandler                    /* Ethernet                     */                   
 218 0138 00000000 	  .word     ETH_WKUP_IRQHandler               /* Ethernet Wakeup through EXTI line */              
 219 013c 00000000 	  .word     CAN2_TX_IRQHandler                /* CAN2 TX                      */                   
 220 0140 00000000 	  .word     CAN2_RX0_IRQHandler               /* CAN2 RX0                     */                   
 221 0144 00000000 	  .word     CAN2_RX1_IRQHandler               /* CAN2 RX1                     */                   
 222 0148 00000000 	  .word     CAN2_SCE_IRQHandler               /* CAN2 SCE                     */                   
 223 014c 00000000 	  .word     OTG_FS_IRQHandler                 /* USB OTG FS                   */                   
 224 0150 00000000 	  .word     DMA2_Stream5_IRQHandler           /* DMA2 Stream 5                */                   
 225 0154 00000000 	  .word     DMA2_Stream6_IRQHandler           /* DMA2 Stream 6                */                   
 226 0158 00000000 	  .word     DMA2_Stream7_IRQHandler           /* DMA2 Stream 7                */                   
 227 015c 00000000 	  .word     USART6_IRQHandler                 /* USART6                       */                   
 228 0160 00000000 	  .word     I2C3_EV_IRQHandler                /* I2C3 event                   */                   
 229 0164 00000000 	  .word     I2C3_ER_IRQHandler                /* I2C3 error                   */                   
 230 0168 00000000 	  .word     OTG_HS_EP1_OUT_IRQHandler         /* USB OTG HS End Point 1 Out   */                   
 231 016c 00000000 	  .word     OTG_HS_EP1_IN_IRQHandler          /* USB OTG HS End Point 1 In    */                   
 232 0170 00000000 	  .word     OTG_HS_WKUP_IRQHandler            /* USB OTG HS Wakeup through EXTI */                 
 233 0174 00000000 	  .word     OTG_HS_IRQHandler                 /* USB OTG HS                   */                   
 234 0178 00000000 	  .word     DCMI_IRQHandler                   /* DCMI                         */                   
 235 017c 00000000 	  .word     CRYP_IRQHandler                   /* CRYP crypto                  */                   
 236 0180 00000000 	  .word     HASH_RNG_IRQHandler               /* Hash and Rng                 */
 237 0184 00000000 	  .word     FPU_IRQHandler                    /* FPU                          */
 238              	                         
 239              	                         
 240              	/*******************************************************************************
 241              	*
 242              	* Provide weak aliases for each Exception handler to the Default_Handler. 
 243              	* As they are weak aliases, any function with the same name will override 
 244              	* this definition.
 245              	* 
 246              	*******************************************************************************/
 247              	   .weak      NMI_Handler
 248              	   .thumb_set NMI_Handler,Default_Handler
 249              	  
 250              	   .weak      HardFault_Handler
 251              	   .thumb_set HardFault_Handler,Default_Handler
 252              	  
 253              	   .weak      MemManage_Handler
 254              	   .thumb_set MemManage_Handler,Default_Handler
 255              	  
 256              	   .weak      BusFault_Handler
 257              	   .thumb_set BusFault_Handler,Default_Handler
 258              	
 259              	   .weak      UsageFault_Handler
 260              	   .thumb_set UsageFault_Handler,Default_Handler
 261              	
 262              	   .weak      SVC_Handler
 263              	   .thumb_set SVC_Handler,Default_Handler
 264              	
 265              	   .weak      DebugMon_Handler
 266              	   .thumb_set DebugMon_Handler,Default_Handler
 267              	
 268              	   .weak      PendSV_Handler
 269              	   .thumb_set PendSV_Handler,Default_Handler
 270              	
 271              	   .weak      SysTick_Handler
 272              	   .thumb_set SysTick_Handler,Default_Handler              
 273              	  
 274              	   .weak      WWDG_IRQHandler                   
 275              	   .thumb_set WWDG_IRQHandler,Default_Handler      
 276              	                  
 277              	   .weak      PVD_IRQHandler      
 278              	   .thumb_set PVD_IRQHandler,Default_Handler
 279              	               
 280              	   .weak      TAMP_STAMP_IRQHandler            
 281              	   .thumb_set TAMP_STAMP_IRQHandler,Default_Handler
 282              	            
 283              	   .weak      RTC_WKUP_IRQHandler                  
 284              	   .thumb_set RTC_WKUP_IRQHandler,Default_Handler
 285              	            
 286              	   .weak      FLASH_IRQHandler         
 287              	   .thumb_set FLASH_IRQHandler,Default_Handler
 288              	                  
 289              	   .weak      RCC_IRQHandler      
 290              	   .thumb_set RCC_IRQHandler,Default_Handler
 291              	                  
 292              	   .weak      EXTI0_IRQHandler         
 293              	   .thumb_set EXTI0_IRQHandler,Default_Handler
 294              	                  
 295              	   .weak      EXTI1_IRQHandler         
 296              	   .thumb_set EXTI1_IRQHandler,Default_Handler
 297              	                     
 298              	   .weak      EXTI2_IRQHandler         
 299              	   .thumb_set EXTI2_IRQHandler,Default_Handler 
 300              	                 
 301              	   .weak      EXTI3_IRQHandler         
 302              	   .thumb_set EXTI3_IRQHandler,Default_Handler
 303              	                        
 304              	   .weak      EXTI4_IRQHandler         
 305              	   .thumb_set EXTI4_IRQHandler,Default_Handler
 306              	                  
 307              	   .weak      DMA1_Stream0_IRQHandler               
 308              	   .thumb_set DMA1_Stream0_IRQHandler,Default_Handler
 309              	         
 310              	   .weak      DMA1_Stream1_IRQHandler               
 311              	   .thumb_set DMA1_Stream1_IRQHandler,Default_Handler
 312              	                  
 313              	   .weak      DMA1_Stream2_IRQHandler               
 314              	   .thumb_set DMA1_Stream2_IRQHandler,Default_Handler
 315              	                  
 316              	   .weak      DMA1_Stream3_IRQHandler               
 317              	   .thumb_set DMA1_Stream3_IRQHandler,Default_Handler 
 318              	                 
 319              	   .weak      DMA1_Stream4_IRQHandler              
 320              	   .thumb_set DMA1_Stream4_IRQHandler,Default_Handler
 321              	                  
 322              	   .weak      DMA1_Stream5_IRQHandler               
 323              	   .thumb_set DMA1_Stream5_IRQHandler,Default_Handler
 324              	                  
 325              	   .weak      DMA1_Stream6_IRQHandler               
 326              	   .thumb_set DMA1_Stream6_IRQHandler,Default_Handler
 327              	                  
 328              	   .weak      ADC_IRQHandler      
 329              	   .thumb_set ADC_IRQHandler,Default_Handler
 330              	               
 331              	   .weak      CAN1_TX_IRQHandler   
 332              	   .thumb_set CAN1_TX_IRQHandler,Default_Handler
 333              	            
 334              	   .weak      CAN1_RX0_IRQHandler                  
 335              	   .thumb_set CAN1_RX0_IRQHandler,Default_Handler
 336              	                           
 337              	   .weak      CAN1_RX1_IRQHandler                  
 338              	   .thumb_set CAN1_RX1_IRQHandler,Default_Handler
 339              	            
 340              	   .weak      CAN1_SCE_IRQHandler                  
 341              	   .thumb_set CAN1_SCE_IRQHandler,Default_Handler
 342              	            
 343              	   .weak      EXTI9_5_IRQHandler   
 344              	   .thumb_set EXTI9_5_IRQHandler,Default_Handler
 345              	            
 346              	   .weak      TIM1_BRK_TIM9_IRQHandler            
 347              	   .thumb_set TIM1_BRK_TIM9_IRQHandler,Default_Handler
 348              	            
 349              	   .weak      TIM1_UP_TIM10_IRQHandler            
 350              	   .thumb_set TIM1_UP_TIM10_IRQHandler,Default_Handler
 351              	      
 352              	   .weak      TIM1_TRG_COM_TIM11_IRQHandler      
 353              	   .thumb_set TIM1_TRG_COM_TIM11_IRQHandler,Default_Handler
 354              	      
 355              	   .weak      TIM1_CC_IRQHandler   
 356              	   .thumb_set TIM1_CC_IRQHandler,Default_Handler
 357              	                  
 358              	   .weak      TIM2_IRQHandler            
 359              	   .thumb_set TIM2_IRQHandler,Default_Handler
 360              	                  
 361              	   .weak      TIM3_IRQHandler            
 362              	   .thumb_set TIM3_IRQHandler,Default_Handler
 363              	                  
 364              	   .weak      TIM4_IRQHandler            
 365              	   .thumb_set TIM4_IRQHandler,Default_Handler
 366              	                  
 367              	   .weak      I2C1_EV_IRQHandler   
 368              	   .thumb_set I2C1_EV_IRQHandler,Default_Handler
 369              	                     
 370              	   .weak      I2C1_ER_IRQHandler   
 371              	   .thumb_set I2C1_ER_IRQHandler,Default_Handler
 372              	                     
 373              	   .weak      I2C2_EV_IRQHandler   
 374              	   .thumb_set I2C2_EV_IRQHandler,Default_Handler
 375              	                  
 376              	   .weak      I2C2_ER_IRQHandler   
 377              	   .thumb_set I2C2_ER_IRQHandler,Default_Handler
 378              	                           
 379              	   .weak      SPI1_IRQHandler            
 380              	   .thumb_set SPI1_IRQHandler,Default_Handler
 381              	                        
 382              	   .weak      SPI2_IRQHandler            
 383              	   .thumb_set SPI2_IRQHandler,Default_Handler
 384              	                  
 385              	   .weak      USART1_IRQHandler      
 386              	   .thumb_set USART1_IRQHandler,Default_Handler
 387              	                     
 388              	   .weak      USART2_IRQHandler      
 389              	   .thumb_set USART2_IRQHandler,Default_Handler
 390              	                     
 391              	   .weak      USART3_IRQHandler      
 392              	   .thumb_set USART3_IRQHandler,Default_Handler
 393              	                  
 394              	   .weak      EXTI15_10_IRQHandler               
 395              	   .thumb_set EXTI15_10_IRQHandler,Default_Handler
 396              	               
 397              	   .weak      RTC_Alarm_IRQHandler               
 398              	   .thumb_set RTC_Alarm_IRQHandler,Default_Handler
 399              	            
 400              	   .weak      OTG_FS_WKUP_IRQHandler         
 401              	   .thumb_set OTG_FS_WKUP_IRQHandler,Default_Handler
 402              	            
 403              	   .weak      TIM8_BRK_TIM12_IRQHandler         
 404              	   .thumb_set TIM8_BRK_TIM12_IRQHandler,Default_Handler
 405              	         
 406              	   .weak      TIM8_UP_TIM13_IRQHandler            
 407              	   .thumb_set TIM8_UP_TIM13_IRQHandler,Default_Handler
 408              	         
 409              	   .weak      TIM8_TRG_COM_TIM14_IRQHandler      
 410              	   .thumb_set TIM8_TRG_COM_TIM14_IRQHandler,Default_Handler
 411              	      
 412              	   .weak      TIM8_CC_IRQHandler   
 413              	   .thumb_set TIM8_CC_IRQHandler,Default_Handler
 414              	                  
 415              	   .weak      DMA1_Stream7_IRQHandler               
 416              	   .thumb_set DMA1_Stream7_IRQHandler,Default_Handler
 417              	                     
 418              	   .weak      FSMC_IRQHandler            
 419              	   .thumb_set FSMC_IRQHandler,Default_Handler
 420              	                     
 421              	   .weak      SDIO_IRQHandler            
 422              	   .thumb_set SDIO_IRQHandler,Default_Handler
 423              	                     
 424              	   .weak      TIM5_IRQHandler            
 425              	   .thumb_set TIM5_IRQHandler,Default_Handler
 426              	                     
 427              	   .weak      SPI3_IRQHandler            
 428              	   .thumb_set SPI3_IRQHandler,Default_Handler
 429              	                     
 430              	   .weak      UART4_IRQHandler         
 431              	   .thumb_set UART4_IRQHandler,Default_Handler
 432              	                  
 433              	   .weak      UART5_IRQHandler         
 434              	   .thumb_set UART5_IRQHandler,Default_Handler
 435              	                  
 436              	   .weak      TIM6_DAC_IRQHandler                  
 437              	   .thumb_set TIM6_DAC_IRQHandler,Default_Handler
 438              	               
 439              	   .weak      TIM7_IRQHandler            
 440              	   .thumb_set TIM7_IRQHandler,Default_Handler
 441              	         
 442              	   .weak      DMA2_Stream0_IRQHandler               
 443              	   .thumb_set DMA2_Stream0_IRQHandler,Default_Handler
 444              	               
 445              	   .weak      DMA2_Stream1_IRQHandler               
 446              	   .thumb_set DMA2_Stream1_IRQHandler,Default_Handler
 447              	                  
 448              	   .weak      DMA2_Stream2_IRQHandler               
 449              	   .thumb_set DMA2_Stream2_IRQHandler,Default_Handler
 450              	            
 451              	   .weak      DMA2_Stream3_IRQHandler               
 452              	   .thumb_set DMA2_Stream3_IRQHandler,Default_Handler
 453              	            
 454              	   .weak      DMA2_Stream4_IRQHandler               
 455              	   .thumb_set DMA2_Stream4_IRQHandler,Default_Handler
 456              	            
 457              	   .weak      ETH_IRQHandler      
 458              	   .thumb_set ETH_IRQHandler,Default_Handler
 459              	                  
 460              	   .weak      ETH_WKUP_IRQHandler                  
 461              	   .thumb_set ETH_WKUP_IRQHandler,Default_Handler
 462              	            
 463              	   .weak      CAN2_TX_IRQHandler   
 464              	   .thumb_set CAN2_TX_IRQHandler,Default_Handler
 465              	                           
 466              	   .weak      CAN2_RX0_IRQHandler                  
 467              	   .thumb_set CAN2_RX0_IRQHandler,Default_Handler
 468              	                           
 469              	   .weak      CAN2_RX1_IRQHandler                  
 470              	   .thumb_set CAN2_RX1_IRQHandler,Default_Handler
 471              	                           
 472              	   .weak      CAN2_SCE_IRQHandler                  
 473              	   .thumb_set CAN2_SCE_IRQHandler,Default_Handler
 474              	                           
 475              	   .weak      OTG_FS_IRQHandler      
 476              	   .thumb_set OTG_FS_IRQHandler,Default_Handler
 477              	                     
 478              	   .weak      DMA2_Stream5_IRQHandler               
 479              	   .thumb_set DMA2_Stream5_IRQHandler,Default_Handler
 480              	                  
 481              	   .weak      DMA2_Stream6_IRQHandler               
 482              	   .thumb_set DMA2_Stream6_IRQHandler,Default_Handler
 483              	                  
 484              	   .weak      DMA2_Stream7_IRQHandler               
 485              	   .thumb_set DMA2_Stream7_IRQHandler,Default_Handler
 486              	                  
 487              	   .weak      USART6_IRQHandler      
 488              	   .thumb_set USART6_IRQHandler,Default_Handler
 489              	                        
 490              	   .weak      I2C3_EV_IRQHandler   
 491              	   .thumb_set I2C3_EV_IRQHandler,Default_Handler
 492              	                        
 493              	   .weak      I2C3_ER_IRQHandler   
 494              	   .thumb_set I2C3_ER_IRQHandler,Default_Handler
 495              	                        
 496              	   .weak      OTG_HS_EP1_OUT_IRQHandler         
 497              	   .thumb_set OTG_HS_EP1_OUT_IRQHandler,Default_Handler
 498              	               
 499              	   .weak      OTG_HS_EP1_IN_IRQHandler            
 500              	   .thumb_set OTG_HS_EP1_IN_IRQHandler,Default_Handler
 501              	               
 502              	   .weak      OTG_HS_WKUP_IRQHandler         
 503              	   .thumb_set OTG_HS_WKUP_IRQHandler,Default_Handler
 504              	            
 505              	   .weak      OTG_HS_IRQHandler      
 506              	   .thumb_set OTG_HS_IRQHandler,Default_Handler
 507              	                  
 508              	   .weak      DCMI_IRQHandler            
 509              	   .thumb_set DCMI_IRQHandler,Default_Handler
 510              	                     
 511              	   .weak      CRYP_IRQHandler            
 512              	   .thumb_set CRYP_IRQHandler,Default_Handler
 513              	               
 514              	   .weak      HASH_RNG_IRQHandler                  
 515              	   .thumb_set HASH_RNG_IRQHandler,Default_Handler   
 516              	
 517              	   .weak      FPU_IRQHandler                  
 518              	   .thumb_set FPU_IRQHandler,Default_Handler  
DEFINED SYMBOLS
startup_stm32f40xx.S:129    .isr_vector:00000000 g_pfnVectors
startup_stm32f40xx.S:113    .text.Default_Handler:00000000 Default_Handler
startup_stm32f40xx.S:66     .text.Reset_Handler:00000000 Reset_Handler
startup_stm32f40xx.S:69     .text.Reset_Handler:00000000 $t
startup_stm32f40xx.S:78     .text.Reset_Handler:0000000c LoopCopyDataInit
startup_stm32f40xx.S:72     .text.Reset_Handler:00000004 CopyDataInit
startup_stm32f40xx.S:91     .text.Reset_Handler:00000020 LoopFillZerobss
startup_stm32f40xx.S:87     .text.Reset_Handler:0000001a FillZerobss
startup_stm32f40xx.S:114    .text.Default_Handler:00000000 Infinite_Loop
startup_stm32f40xx.S:115    .text.Default_Handler:00000000 $t
startup_stm32f40xx.S:113    .text.Default_Handler:00000000 NMI_Handler
startup_stm32f40xx.S:113    .text.Default_Handler:00000000 HardFault_Handler
startup_stm32f40xx.S:113    .text.Default_Handler:00000000 MemManage_Handler
startup_stm32f40xx.S:113    .text.Default_Handler:00000000 BusFault_Handler
startup_stm32f40xx.S:113    .text.Default_Handler:00000000 UsageFault_Handler
startup_stm32f40xx.S:113    .text.Default_Handler:00000000 SVC_Handler
startup_stm32f40xx.S:113    .text.Default_Handler:00000000 DebugMon_Handler
startup_stm32f40xx.S:113    .text.Default_Handler:00000000 PendSV_Handler
startup_stm32f40xx.S:113    .text.Default_Handler:00000000 SysTick_Handler
startup_stm32f40xx.S:113    .text.Default_Handler:00000000 WWDG_IRQHandler
startup_stm32f40xx.S:113    .text.Default_Handler:00000000 PVD_IRQHandler
startup_stm32f40xx.S:113    .text.Default_Handler:00000000 TAMP_STAMP_IRQHandler
startup_stm32f40xx.S:113    .text.Default_Handler:00000000 RTC_WKUP_IRQHandler
startup_stm32f40xx.S:113    .text.Default_Handler:00000000 FLASH_IRQHandler
startup_stm32f40xx.S:113    .text.Default_Handler:00000000 RCC_IRQHandler
startup_stm32f40xx.S:113    .text.Default_Handler:00000000 EXTI0_IRQHandler
startup_stm32f40xx.S:113    .text.Default_Handler:00000000 EXTI1_IRQHandler
startup_stm32f40xx.S:113    .text.Default_Handler:00000000 EXTI2_IRQHandler
startup_stm32f40xx.S:113    .text.Default_Handler:00000000 EXTI3_IRQHandler
startup_stm32f40xx.S:113    .text.Default_Handler:00000000 EXTI4_IRQHandler
startup_stm32f40xx.S:113    .text.Default_Handler:00000000 DMA1_Stream0_IRQHandler
startup_stm32f40xx.S:113    .text.Default_Handler:00000000 DMA1_Stream1_IRQHandler
startup_stm32f40xx.S:113    .text.Default_Handler:00000000 DMA1_Stream2_IRQHandler
startup_stm32f40xx.S:113    .text.Default_Handler:00000000 DMA1_Stream3_IRQHandler
startup_stm32f40xx.S:113    .text.Default_Handler:00000000 DMA1_Stream4_IRQHandler
startup_stm32f40xx.S:113    .text.Default_Handler:00000000 DMA1_Stream5_IRQHandler
startup_stm32f40xx.S:113    .text.Default_Handler:00000000 DMA1_Stream6_IRQHandler
startup_stm32f40xx.S:113    .text.Default_Handler:00000000 ADC_IRQHandler
startup_stm32f40xx.S:113    .text.Default_Handler:00000000 CAN1_TX_IRQHandler
startup_stm32f40xx.S:113    .text.Default_Handler:00000000 CAN1_RX0_IRQHandler
startup_stm32f40xx.S:113    .text.Default_Handler:00000000 CAN1_RX1_IRQHandler
startup_stm32f40xx.S:113    .text.Default_Handler:00000000 CAN1_SCE_IRQHandler
startup_stm32f40xx.S:113    .text.Default_Handler:00000000 EXTI9_5_IRQHandler
startup_stm32f40xx.S:113    .text.Default_Handler:00000000 TIM1_BRK_TIM9_IRQHandler
startup_stm32f40xx.S:113    .text.Default_Handler:00000000 TIM1_UP_TIM10_IRQHandler
startup_stm32f40xx.S:113    .text.Default_Handler:00000000 TIM1_TRG_COM_TIM11_IRQHandler
startup_stm32f40xx.S:113    .text.Default_Handler:00000000 TIM1_CC_IRQHandler
startup_stm32f40xx.S:113    .text.Default_Handler:00000000 TIM2_IRQHandler
startup_stm32f40xx.S:113    .text.Default_Handler:00000000 TIM3_IRQHandler
startup_stm32f40xx.S:113    .text.Default_Handler:00000000 TIM4_IRQHandler
startup_stm32f40xx.S:113    .text.Default_Handler:00000000 I2C1_EV_IRQHandler
startup_stm32f40xx.S:113    .text.Default_Handler:00000000 I2C1_ER_IRQHandler
startup_stm32f40xx.S:113    .text.Default_Handler:00000000 I2C2_EV_IRQHandler
startup_stm32f40xx.S:113    .text.Default_Handler:00000000 I2C2_ER_IRQHandler
startup_stm32f40xx.S:113    .text.Default_Handler:00000000 SPI1_IRQHandler
startup_stm32f40xx.S:113    .text.Default_Handler:00000000 SPI2_IRQHandler
startup_stm32f40xx.S:113    .text.Default_Handler:00000000 USART1_IRQHandler
startup_stm32f40xx.S:113    .text.Default_Handler:00000000 USART2_IRQHandler
startup_stm32f40xx.S:113    .text.Default_Handler:00000000 USART3_IRQHandler
startup_stm32f40xx.S:113    .text.Default_Handler:00000000 EXTI15_10_IRQHandler
startup_stm32f40xx.S:113    .text.Default_Handler:00000000 RTC_Alarm_IRQHandler
startup_stm32f40xx.S:113    .text.Default_Handler:00000000 OTG_FS_WKUP_IRQHandler
startup_stm32f40xx.S:113    .text.Default_Handler:00000000 TIM8_BRK_TIM12_IRQHandler
startup_stm32f40xx.S:113    .text.Default_Handler:00000000 TIM8_UP_TIM13_IRQHandler
startup_stm32f40xx.S:113    .text.Default_Handler:00000000 TIM8_TRG_COM_TIM14_IRQHandler
startup_stm32f40xx.S:113    .text.Default_Handler:00000000 TIM8_CC_IRQHandler
startup_stm32f40xx.S:113    .text.Default_Handler:00000000 DMA1_Stream7_IRQHandler
startup_stm32f40xx.S:113    .text.Default_Handler:00000000 FSMC_IRQHandler
startup_stm32f40xx.S:113    .text.Default_Handler:00000000 SDIO_IRQHandler
startup_stm32f40xx.S:113    .text.Default_Handler:00000000 TIM5_IRQHandler
startup_stm32f40xx.S:113    .text.Default_Handler:00000000 SPI3_IRQHandler
startup_stm32f40xx.S:113    .text.Default_Handler:00000000 UART4_IRQHandler
startup_stm32f40xx.S:113    .text.Default_Handler:00000000 UART5_IRQHandler
startup_stm32f40xx.S:113    .text.Default_Handler:00000000 TIM6_DAC_IRQHandler
startup_stm32f40xx.S:113    .text.Default_Handler:00000000 TIM7_IRQHandler
startup_stm32f40xx.S:113    .text.Default_Handler:00000000 DMA2_Stream0_IRQHandler
startup_stm32f40xx.S:113    .text.Default_Handler:00000000 DMA2_Stream1_IRQHandler
startup_stm32f40xx.S:113    .text.Default_Handler:00000000 DMA2_Stream2_IRQHandler
startup_stm32f40xx.S:113    .text.Default_Handler:00000000 DMA2_Stream3_IRQHandler
startup_stm32f40xx.S:113    .text.Default_Handler:00000000 DMA2_Stream4_IRQHandler
startup_stm32f40xx.S:113    .text.Default_Handler:00000000 ETH_IRQHandler
startup_stm32f40xx.S:113    .text.Default_Handler:00000000 ETH_WKUP_IRQHandler
startup_stm32f40xx.S:113    .text.Default_Handler:00000000 CAN2_TX_IRQHandler
startup_stm32f40xx.S:113    .text.Default_Handler:00000000 CAN2_RX0_IRQHandler
startup_stm32f40xx.S:113    .text.Default_Handler:00000000 CAN2_RX1_IRQHandler
startup_stm32f40xx.S:113    .text.Default_Handler:00000000 CAN2_SCE_IRQHandler
startup_stm32f40xx.S:113    .text.Default_Handler:00000000 OTG_FS_IRQHandler
startup_stm32f40xx.S:113    .text.Default_Handler:00000000 DMA2_Stream5_IRQHandler
startup_stm32f40xx.S:113    .text.Default_Handler:00000000 DMA2_Stream6_IRQHandler
startup_stm32f40xx.S:113    .text.Default_Handler:00000000 DMA2_Stream7_IRQHandler
startup_stm32f40xx.S:113    .text.Default_Handler:00000000 USART6_IRQHandler
startup_stm32f40xx.S:113    .text.Default_Handler:00000000 I2C3_EV_IRQHandler
startup_stm32f40xx.S:113    .text.Default_Handler:00000000 I2C3_ER_IRQHandler
startup_stm32f40xx.S:113    .text.Default_Handler:00000000 OTG_HS_EP1_OUT_IRQHandler
startup_stm32f40xx.S:113    .text.Default_Handler:00000000 OTG_HS_EP1_IN_IRQHandler
startup_stm32f40xx.S:113    .text.Default_Handler:00000000 OTG_HS_WKUP_IRQHandler
startup_stm32f40xx.S:113    .text.Default_Handler:00000000 OTG_HS_IRQHandler
startup_stm32f40xx.S:113    .text.Default_Handler:00000000 DCMI_IRQHandler
startup_stm32f40xx.S:113    .text.Default_Handler:00000000 CRYP_IRQHandler
startup_stm32f40xx.S:113    .text.Default_Handler:00000000 HASH_RNG_IRQHandler
startup_stm32f40xx.S:113    .text.Default_Handler:00000000 FPU_IRQHandler
startup_stm32f40xx.S:112    .text.Reset_Handler:00000034 $d
                   .debug_aranges:0000000c $d

UNDEFINED SYMBOLS
_sidata
_sdata
_edata
_sbss
_ebss
SystemInit
__libc_init_array
main
_estack
